2026-06-23 15:21:28,742(HH:mm:ss.SSS) [main] INFO  testCases.CartItemsTest - *************Verified Product Title ***************
2026-06-23 15:21:28,829(HH:mm:ss.SSS) [main] INFO  testCases.CartItemsTest - ***********Send button clicked*************
2026-06-23 15:21:29,043(HH:mm:ss.SSS) [main] INFO  testCases.CartItemsTest - ********* Address Selected ***********
2026-06-23 15:21:32,053(HH:mm:ss.SSS) [main] INFO  testCases.CartItemsTest - ********* Date Selected ******************
2026-06-23 15:21:34,667(HH:mm:ss.SSS) [main] INFO  testCases.CartItemsTest - Cart Badge Count : 1
2026-06-23 15:21:34,668(HH:mm:ss.SSS) [main] INFO  testCases.CartItemsTest - Cart Item Count : 1
2026-06-23 15:21:47,356(HH:mm:ss.SSS) [main] INFO  testCases.CartQuantityItems - *************Account is logged in*****************
2026-06-23 15:21:52,794(HH:mm:ss.SSS) [main] INFO  testCases.CartQuantityItems - Search value entered : Marble & Wooden Set
2026-06-23 15:21:54,557(HH:mm:ss.SSS) [main] INFO  testCases.CartQuantityItems - Search product clicked
2026-06-23 15:21:54,642(HH:mm:ss.SSS) [main] INFO  testCases.CartQuantityItems - Product title : Marble & Wooden Set
2026-06-23 15:21:54,642(HH:mm:ss.SSS) [main] INFO  testCases.CartQuantityItems - Verified Product Title
2026-06-23 15:21:55,034(HH:mm:ss.SSS) [main] INFO  testCases.CartQuantityItems - Address Selected
2026-06-23 15:21:57,807(HH:mm:ss.SSS) [main] INFO  testCases.CartQuantityItems - Date Selected
2026-06-23 15:21:58,432(HH:mm:ss.SSS) [main] INFO  testCases.CartQuantityItems - Item added to cart successfully
2026-06-23 15:21:59,740(HH:mm:ss.SSS) [main] INFO  testCases.CartQuantityItems - Cart Badge Count : 3
2026-06-23 15:21:59,740(HH:mm:ss.SSS) [main] INFO  testCases.CartQuantityItems - Cart Item Count : 3
2026-06-23 15:22:22,446(HH:mm:ss.SSS) [main] INFO  testCases.RemoveItemCartTest - *************Account is logged in*****************
2026-06-23 15:22:43,219(HH:mm:ss.SSS) [main] ERROR testCases.RemoveItemCartTest - *********** Code Failed ***********
2026-06-23 15:22:43,220(HH:mm:ss.SSS) [main] ERROR testCases.RemoveItemCartTest - Expected condition failed: waiting for visibility of [[ChromeDriver: chrome on windows (03e5471d75e65181a5c76388692d15e2)] -> xpath: //button[@role='tab'][normalize-space()='Products']] (tried for 20 second(s) with 500 milliseconds interval)
Build info: version: '4.21.0', revision: '79ed462ef4'
System info: os.name: 'Windows 11', os.arch: 'amd64', os.version: '10.0', java.version: '21.0.10'
Driver info: org.openqa.selenium.chrome.ChromeDriver
Capabilities {acceptInsecureCerts: false, browserName: chrome, browserVersion: 149.0.7827.53, chrome: {chromedriverVersion: 149.0.7827.155 (07b52360cc1..., userDataDir: C:\Users\bleem\AppData\Loca...}, fedcm:accounts: true, goog:chromeOptions: {debuggerAddress: localhost:62636}, goog:processID: 27172, networkConnectionEnabled: false, pageLoadStrategy: normal, platformName: windows, proxy: Proxy(), se:cdp: ws://localhost:62636/devtoo..., se:cdpVersion: 149.0.7827.53, setWindowRect: true, strictFileInteractability: false, timeouts: {implicit: 0, pageLoad: 300000, script: 30000}, unhandledPromptBehavior: dismiss and notify, webauthn:extension:credBlob: true, webauthn:extension:largeBlob: true, webauthn:extension:minPinLength: true, webauthn:extension:prf: true, webauthn:virtualAuthenticators: true}
Session ID: 03e5471d75e65181a5c76388692d15e2
2026-06-23 15:22:59,658(HH:mm:ss.SSS) [main] INFO  testCases.TopSectionItemsTest - *************Account is logged in*****************
2026-06-23 15:23:28,329(HH:mm:ss.SSS) [main] INFO  testCases.ShopThrowShops - *************Account is logged in*****************
2026-06-23 15:36:29,425(HH:mm:ss.SSS) [main] INFO  testCases.ShopThrowShops - *************Account is logged in*****************
2026-06-23 15:37:07,644(HH:mm:ss.SSS) [main] INFO  testCases.ShopThrowShops - *************Account is logged in*****************
2026-06-23 15:38:07,160(HH:mm:ss.SSS) [main] INFO  testCases.ShopThrowShops - *************Account is logged in*****************
2026-06-23 15:39:23,799(HH:mm:ss.SSS) [main] INFO  testCases.ShopThrowShops - *************Account is logged in*****************
2026-06-23 15:43:16,087(HH:mm:ss.SSS) [main] INFO  testCases.ShopThrowShops - *************Account is logged in*****************
2026-06-23 15:44:21,391(HH:mm:ss.SSS) [main] INFO  testCases.ShopThrowShops - *************Account is logged in*****************
2026-06-23 16:27:14,210(HH:mm:ss.SSS) [main] INFO  testCases.ShopThrowShops - *************Account is logged in*****************
